// Vitest Snapshot v1, https://vitest.dev/guide/snapshot.html

exports[`Calculator > should match snapshot 1`] = `
<div
  class="Calculator"
  data-testid="Calculator"
>
  <div
    class="Calculator__body"
  >
    <p
      class="Calculator__history"
      data-testid="Calculator__history"
    />
    <input
      class="Calculator__input"
      data-testid="Calculator__input"
      type="numeric"
      value=""
    />
    <div
      class="Calculator__divider"
    />
    <div
      class="Calculator__numpad"
      data-testid="Calculator__numpad"
    >
      <button
        class="Calculator__numpad-button"
        data-testid="clear"
        id="clear"
      >
        C
      </button>
      <button
        class="Calculator__numpad-button"
        data-testid="sqrt"
        id="sqrt"
      >
        √
      </button>
      <button
        class="Calculator__numpad-button"
        data-testid="percent"
        id="percent"
      >
        %
      </button>
      <button
        class="Calculator__numpad-button"
        data-testid="divide"
        id="divide"
      >
        /
      </button>
      <button
        class="Calculator__numpad-button"
        data-testid="7"
        id="7"
      >
        7
      </button>
      <button
        class="Calculator__numpad-button"
        data-testid="8"
        id="8"
      >
        8
      </button>
      <button
        class="Calculator__numpad-button"
        data-testid="9"
        id="9"
      >
        9
      </button>
      <button
        class="Calculator__numpad-button"
        data-testid="multiply"
        id="multiply"
      >
        ×
      </button>
      <button
        class="Calculator__numpad-button"
        data-testid="4"
        id="4"
      >
        4
      </button>
      <button
        class="Calculator__numpad-button"
        data-testid="5"
        id="5"
      >
        5
      </button>
      <button
        class="Calculator__numpad-button"
        data-testid="6"
        id="6"
      >
        6
      </button>
      <button
        class="Calculator__numpad-button"
        data-testid="subtract"
        id="subtract"
      >
        -
      </button>
      <button
        class="Calculator__numpad-button"
        data-testid="1"
        id="1"
      >
        1
      </button>
      <button
        class="Calculator__numpad-button"
        data-testid="2"
        id="2"
      >
        2
      </button>
      <button
        class="Calculator__numpad-button"
        data-testid="3"
        id="3"
      >
        3
      </button>
      <button
        class="Calculator__numpad-button"
        data-testid="add"
        id="add"
      >
        +
      </button>
      <button
        class="Calculator__numpad-button"
        data-testid="00"
        id="00"
      >
        00
      </button>
      <button
        class="Calculator__numpad-button"
        data-testid="0"
        id="0"
      >
        0
      </button>
      <button
        class="Calculator__numpad-button"
        data-testid=","
        id=","
      >
        ,
      </button>
      <button
        class="Calculator__numpad-button Calculator__numpad-button_solid"
        data-testid="equals"
        id="equals"
      >
        =
      </button>
    </div>
  </div>
</div>
`;
